// Jest Snapshot v1, https://goo.gl/fbAQLP

exports[`SenateContainer should match the snapshot 1`] = `
<div>
  <div>
    <h1
      className="container-title"
    >
      Your Senators
    </h1>
    <h1
      className="card-container"
    >
      <Connect(SenateCard)
        key="b1d0c4b4-744f-414b-b266-f61bbaec1a2b"
        senator={
          Object {
            "id": 2,
            "name": "Bob",
            "nextElection": "2020",
            "party": "R",
            "selected": false,
            "title": "Senator",
          }
        }
      />
      <Connect(SenateCard)
        key="d0e22592-6c09-4849-9723-70e8fd4f76e6"
        senator={
          Object {
            "id": 2,
            "name": "Jan",
            "nextElection": "2018",
            "party": "R",
            "selected": false,
            "title": "Senator",
          }
        }
      />
    </h1>
  </div>
</div>
`;
