// Jest Snapshot v1, https://goo.gl/fbAQLP

exports[`ERROR PAGE should match the snapshot 1`] = `
<div>
  <h1
    className="error-title"
  >
    Sorry that is not a valid address :(
  </h1>
</div>
`;
