// Jest Snapshot v1, https://goo.gl/fbAQLP

exports[`MemberContainer should match the snapshot 1`] = `
<div>
  <div>
    <h1
      className="container-title"
    >
      Your Congressmen
    </h1>
    <h1
      className="card-container"
    >
      <Connect(MemberCard)
        congressmen={
          Object {
            "id": 1,
            "name": "Ted",
            "nextElection": "2018",
            "party": "D",
            "selected": false,
            "title": "Representative",
          }
        }
        key="f18dd2c7-0249-46ec-818d-ee98090fc8bc"
      />
      <Connect(MemberCard)
        congressmen={
          Object {
            "id": 2,
            "name": "Jan",
            "nextElection": "2018",
            "party": "R",
            "selected": false,
            "title": "Representative",
          }
        }
        key="53a64be8-42a6-4412-b337-80d8d9535bc6"
      />
    </h1>
  </div>
</div>
`;
