// Jest Snapshot v1, https://goo.gl/fbAQLP

exports[`SenateCard should match the snapshot 1`] = `
<div
  className="dem"
  onClick={[Function]}
>
  <img
    alt="apple"
    className="apple"
    src="apple.svg"
  />
  <h1
    className="name"
  >
    name
  </h1>
  <h2
    className="title"
  >
    title
  </h2>
  <h2
    className="party"
  >
    D
  </h2>
  <h2
    className="election-date"
  >
    Next Election: 
  </h2>
</div>
`;
